Line   Address   Machine Code    Source
-----------------------------------------------------
   1                          # A simple example
   2                              .text
   3   0x0000                      .org    0
   4   0x0000                  main:
   5   0x0000   14F9             li      s0, 10
   6   0x0002   0139             li      s1, 0
   7   0x0004   0426             lui     t0, %hi(0xA3B)
   8   0x0006   7601             addi    t0, %lo(0xA3B)
   9   0x0008                      
  10   0x0008                  L1:
  11   0x0008   40D2             BZ      s0, done        # branch to done of s0 is zero
  12   0x000A   0101             addi    s1, s0
  13   0x000C   FF01             addi    s1, -1
  14   0x000E   7E2D             j       L1
  15   0x0010                  done:     
  16   0x0010   07B8             mv      a0, s0
  17   0x0012   0186             lui     a0, %hi(str)
  18   0x0014   0181             addi    a0, %lo(str)
  19   0x0016   0147             ecall   5               # service 5 to print a string
  20   0x0018                  exit:
  21   0x0018   00C7             ecall   3
  22   0x001A                  
  23   0x001A                      .data
  24   0x0100                      .org    0x100
  25   0x0100                  str:   
  26   0x0100   6822 6C65 6F6C 7720 726F 646C 21      .asciiz "hello world!"
  27   0x010D                  A:
  28   0x010D   32               .byte   50
  29   0x010E                  B:
  30   0x010E   23A0 01F4 7530      .word   0x23A0, 500, 30000
  31   0x0114                  C:
  32   0x0114                      .space  200