Line   Address   Machine Code    Source
-----------------------------------------------------
   1                          .text
   2   0x0000                  .org 0
   3   0x0000                  main:
   4   0x0000   0186             lui     a0, %hi(w)
   5   0x0002   0181             addi    a0, %lo(w)   # Load address 0x100 into a0
   6   0x0004   0D4C             lw      t1, 0(a0)    # Load word from memory address in a0 into t1
   7   0x0006   2C04             lb      t0, 2(a0)    # Load byte from memory address a0 + 2 into t0
   8   0x0008   0BB8             mv a0, t1
   9   0x000A   0047             ecall 1
  10   0x000C   00C7             ecall 3
  11   0x000E   4B8B             sw      t1, 4(a0)    # Store word t1 into memory at a0 + 4
  12   0x0010   6183             sb      t0, 6(a0)    # Store byte t0 into memory at a0 + 6
  13   0x0012   00C7             ecall   3            # Terminate program
  14   0x0014                  
  15   0x0014                  .data
  16   0x0100                  .org 0x100
  17   0x0100   000C         w: .word   12
  18   0x0102   AA           b: .byte   0xAA