Line   Address   Machine Code    Source
-----------------------------------------------------
   1                          .text
   2   0x0000                  .org 0
   3   0x0000                  main:
   4   0x0000   15B9             li      a0, 10      # Load immediate 10 into a0
   5   0x0002   0BF9             li      a1, 5       # Load immediate 5 into a1
   6   0x0004   0F80             add     a0, a1      # a0 = a0 + a1
   7   0x0006   0047             ecall 1
   8   0x0008   1F80             sub     a0, a1      # a0 = a0 - a1
   9   0x000A   0047             ecall 1
  10   0x000C   0FA8             and     a0, a1      # a0 = a0 & a1
  11   0x000E   0047             ecall 1
  12   0x0010   1FA0             or      a0, a1      # a0 = a0 | a1
  13   0x0012   0047             ecall 1
  14   0x0014   0FB0             xor     a0, a1      # a0 = a0 ^ a1
  15   0x0016   0047             ecall 1
  16   0x0018   2399             slli    a0, 1       # a0 = a0 << 1
  17   0x001A   0047             ecall 1
  18   0x001C   43D9             srli    a1, 1       # a1 = a1 >> 1
  19   0x001E   0FB8             mv      a0, a1      # a0 = a1
  20   0x0020   0047             ecall 1
  21   0x0022   00C7             ecall   3           # Terminate program